[21:28:34.345] [INFO] storybook v10.1.10
[21:28:34.972] [DEBUG] Getting package.json info for /home/ndm/Documents/formation/devops/projet3/frontend/package.json...
[21:28:34.974] [WARN] You are currently using Storybook 10.1.10 but you have packages which are incompatible with it:

- @storybook/addon-essentials@8.6.15 which depends on 8.6.15
 Repo: https://github.com/storybookjs/storybook/tree/next/code/addons/essentials
- @storybook/addon-interactions@8.6.15 which depends on 8.6.15
 Repo: https://github.com/storybookjs/storybook/tree/next/code/addons/interactions

Please consider updating your packages or contacting the maintainers for compatibility details.

For more details on compatibility guidance, see:
https://github.com/storybookjs/storybook/issues/32836
[21:28:35.013] [ERROR] [38;2;241;97;97mSB_CORE-SERVER_0002 (CriticalPresetLoadError): Storybook failed to load the following preset: @storybook/angular/preset.

Please check whether your setup is correct, the Storybook dependencies (and their peer dependencies) are installed correctly and there are no package version clashes.

If you believe this is a bug, please open an issue on Github.

Error [ERR_MODULE_NOT_FOUND]: Cannot find package '@storybook/angular' imported from /home/ndm/.npm/_npx/6fe9a9991b157df1/node_modules/storybook/dist/_node-chunks/chunk-BA3X633S.js
    at Object.getPackageJSONURL (node:internal/modules/package_json_reader:316:9)
    at packageResolve (node:internal/modules/esm/resolve:768:81)
    at moduleResolve (node:internal/modules/esm/resolve:858:18)
    at defaultResolve (node:internal/modules/esm/resolve:990:11)
    at nextResolve (node:internal/modules/esm/hooks:769:28)
    at AsyncLoaderHooksOnLoaderHookWorker.resolve (node:internal/modules/esm/hooks:265:30)
    at MessagePort.handleMessage (node:internal/modules/esm/worker:251:24)
    at [nodejs.internal.kHybridDispatch] (node:internal/event_target:845:20)
    at MessagePort.<anonymous> (node:internal/per_context/messageport:23:28)

More info: 
[39m
    at loadPreset (file:///home/ndm/.npm/_npx/6fe9a9991b157df1/node_modules/storybook/dist/_node-chunks/chunk-LLCTWVOB.js:10101:13)
    at async Promise.all (index 0)
    at async loadPresets (file:///home/ndm/.npm/_npx/6fe9a9991b157df1/node_modules/storybook/dist/_node-chunks/chunk-LLCTWVOB.js:10110:73)
    at async getPresets (file:///home/ndm/.npm/_npx/6fe9a9991b157df1/node_modules/storybook/dist/_node-chunks/chunk-LLCTWVOB.js:10141:23)
    at async buildDevStandalone (file:///home/ndm/.npm/_npx/6fe9a9991b157df1/node_modules/storybook/dist/core-server/index.js:7163:17)
    at async withTelemetry (file:///home/ndm/.npm/_npx/6fe9a9991b157df1/node_modules/storybook/dist/_node-chunks/chunk-PGCRO4IZ.js:209:12)
    at async dev (file:///home/ndm/.npm/_npx/6fe9a9991b157df1/node_modules/storybook/dist/bin/core.js:2734:3)
    at async _Command.<anonymous> (file:///home/ndm/.npm/_npx/6fe9a9991b157df1/node_modules/storybook/dist/bin/core.js:2801:92)
[21:28:35.015] [WARN] Broken build, fix the error above.
You may need to refresh the browser.
[21:28:35.024] [WARN]   Failed to load preset: {"name":"/home/ndm/Documents/formation/devops/projet3/frontend/node_modules/@storybook/addon-essentials/dist/preset.js"} on level 2
[21:28:35.024] [ERROR] [38;2;241;97;97mError: Cannot find module 'storybook/internal/common'
Require stack:
- ./node_modules/@storybook/addon-essentials/dist/preset.js[39m
    at Module._resolveFilename (node:internal/modules/cjs/loader:1420:15)
    at defaultResolveImpl (node:internal/modules/cjs/loader:1058:19)
    at resolveForCJSWithHooks (node:internal/modules/cjs/loader:1063:22)
    at Module._load (node:internal/modules/cjs/loader:1226:37)
    at TracingChannel.traceSync (node:diagnostics_channel:328:14)
    at wrapModuleLoad (node:internal/modules/cjs/loader:245:24)
    at Module.require (node:internal/modules/cjs/loader:1503:12)
    at require (node:internal/modules/helpers:152:16)
    at Object.<anonymous> (./node_modules/@storybook/addon-essentials/dist/preset.js:4:14)
    at Module._compile (node:internal/modules/cjs/loader:1760:14)
[21:28:35.025] [WARN]   Failed to load preset: {"name":"/home/ndm/Documents/formation/devops/projet3/frontend/node_modules/@storybook/addon-interactions/dist/preset.js"} on level 2
[21:28:35.026] [ERROR] [38;2;241;97;97mError: Cannot find module 'storybook/internal/common'
Require stack:
- ./node_modules/@storybook/addon-interactions/dist/preset.js[39m
    at Module._resolveFilename (node:internal/modules/cjs/loader:1420:15)
    at defaultResolveImpl (node:internal/modules/cjs/loader:1058:19)
    at resolveForCJSWithHooks (node:internal/modules/cjs/loader:1063:22)
    at Module._load (node:internal/modules/cjs/loader:1226:37)
    at TracingChannel.traceSync (node:diagnostics_channel:328:14)
    at wrapModuleLoad (node:internal/modules/cjs/loader:245:24)
    at Module.require (node:internal/modules/cjs/loader:1503:12)
    at require (node:internal/modules/helpers:152:16)
    at Object.<anonymous> (./node_modules/@storybook/addon-interactions/dist/preset.js:4:14)
    at Module._compile (node:internal/modules/cjs/loader:1760:14)